
> insight-arena-ai-agent@1.0.0 build C:\Users\DELL\insightArena--AI-Agent
> nest build

'nest' is not recognized as an internal or external command,
operable program or batch file.
 ELIFECYCLE  Command failed with exit code 1.
 WARN   Local package.json exists, but node_modules missing, did you mean to install?
BUILD_FAIL 
